 ===================>     TALLY 1: NEUTRON_SPECTRUM     <===================

 Incoming Energy [1e-05, 1.0729424821228238e-05)
   Universe 32
     Total Material
       Flux                                 0 +/- 0
 Incoming Energy [1.0729424821228238e-05, 1.151205569943886e-05)
   Universe 32
     Total Material
       Flux                                 0 +/- 0
 Incoming Energy [1.151205569943886e-05, 1.235177361649213e-05)
   Universe 32
     Total Material
       Flux                                 0 +/- 0
 Incoming Energy [1.235177361649213e-05, 1.3252742642698272e-05)
   Universe 32
     Total Material
       Flux                                 0 +/- 0
 Incoming Energy [1.3252742642698272e-05, 1.4219430585991676e-05)
   Universe 32
     Total Material
       Flux                                 0 +/- 0
 Incoming Energy [1.4219430585991676e-05, 1.5256631147307107e-05)
   Universe 32
     Total Material
       Flux                                 0 +/- 0
 Incoming Energy [1.5256631147307107e-05, 1.6369487692024072e-05)
   Universe 32
     Total Material
       Flux                                 0 +/- 0
 Incoming Energy [1.6369487692024072e-05, 1.756351875535932e-05)
   Universe 32
     Total Material
       Flux                                 0 +/- 0
 Incoming Energy [1.756351875535932e-05, 1.8844645408185996e-05)
   Universe 32
     Total Material
       Flux                                 0 +/- 0
 Incoming Energy [1.8844645408185996e-05, 2.0219220618983556e-05)
   Universe 32
     Total Material
       Flux                                 0 +/- 0
 Incoming Energy [2.0219220618983556e-05, 2.1694060757521192e-05)
   Universe 32
     Total Material
       Flux                                 0 +/- 0
 Incoming Energy [2.1694060757521192e-05, 2.3276479396498134e-05)
   Universe 32
     Total Material
       Flux                                 1.37743e-06 +/- 1.37743e-06
 Incoming Energy [2.3276479396498134e-05, 2.4974323578759424e-05)
   Universe 32
     Total Material
       Flux                                 0 +/- 0
 Incoming Energy [2.4974323578759424e-05, 2.67960127299327e-05)
   Universe 32
     Total Material
       Flux                                 2.01059e-06 +/- 1.89376e-06
 Incoming Energy [2.67960127299327e-05, 2.875058040944877e-05)
   Universe 32
     Total Material
       Flux                                 2.51944e-08 +/- 2.51944e-08
 Incoming Energy [2.875058040944877e-05, 3.0847719106985796e-05)
   Universe 32
     Total Material
       Flux                                 0 +/- 0
 Incoming Energy [3.0847719106985796e-05, 3.3097828306476995e-05)
   Universe 32
     Total Material
       Flux                                 0 +/- 0
 Incoming Energy [3.3097828306476995e-05, 3.551206605602648e-05)
   Universe 32
     Total Material
       Flux                                 1.56901e-06 +/- 1.56901e-06
 Incoming Energy [3.551206605602648e-05, 3.810240429946273e-05)
   Universe 32
     Total Material
       Flux                                 0 +/- 0
 Incoming Energy [3.810240429946273e-05, 4.0881688243912894e-05)
   Universe 32
     Total Material
       Flux                                 8.20579e-07 +/- 8.20579e-07
 Incoming Energy [4.0881688243912894e-05, 4.386370005779537e-05)
   Universe 32
     Total Material
       Flux                                 0 +/- 0
 Incoming Energy [4.386370005779537e-05, 4.7063227215102005e-05)
   Universe 32
     Total Material
       Flux                                 9.5852e-07 +/- 9.5852e-07
 Incoming Energy [4.7063227215102005e-05, 5.0496135824881973e-05)
   Universe 32
     Total Material
       Flux                                 0 +/- 0
 Incoming Energy [5.0496135824881973e-05, 5.417944930956011e-05)
   Universe 32
     Total Material
       Flux                                 0 +/- 0
 Incoming Energy [5.417944930956011e-05, 5.8131432822247135e-05)
   Universe 32
     Total Material
       Flux                                 1.59359e-08 +/- 1.59359e-08
 Incoming Energy [5.8131432822247135e-05, 6.237168382165802e-05)
   Universe 32
     Total Material
       Flux                                 5.19065e-06 +/- 5.14097e-06
 Incoming Energy [6.237168382165802e-05, 6.692122925378973e-05)
   Universe 32
     Total Material
       Flux                                 0 +/- 0
 Incoming Energy [6.692122925378973e-05, 7.180262982227168e-05)
   Universe 32
     Total Material
       Flux                                 3.84682e-08 +/- 3.84682e-08
 Incoming Energy [7.180262982227168e-05, 7.704009186445446e-05)
   Universe 32
     Total Material
       Flux                                 4.89112e-06 +/- 3.0644e-06
 Incoming Energy [7.704009186445446e-05, 8.265958738801813e-05)
   Universe 32
     Total Material
       Flux                                 0 +/- 0
 Incoming Energy [8.265958738801813e-05, 8.868898286334863e-05)
   Universe 32
     Total Material
       Flux                                 3.9106e-06 +/- 3.9106e-06
 Incoming Energy [8.868898286334863e-05, 9.515817741034985e-05)
   Universe 32
     Total Material
       Flux                                 0 +/- 0
 Incoming Energy [9.515817741034985e-05, 0.0001020992510649448)
   Universe 32
     Total Material
       Flux                                 0 +/- 0
 Incoming Energy [0.0001020992510649448, 0.00010954662386050321)
   Universe 32
     Total Material
       Flux                                 8.11081e-07 +/- 8.11081e-07
 Incoming Energy [0.00010954662386050321, 0.00011753722651306367)
   Universe 32
     Total Material
       Flux                                 5.57301e-06 +/- 4.01618e-06
 Incoming Energy [0.00011753722651306367, 0.00012611068355675896)
   Universe 32
     Total Material
       Flux                                 0 +/- 0
 Incoming Energy [0.00012611068355675896, 0.00013530950983759495)
   Universe 32
     Total Material
       Flux                                 2.29173e-06 +/- 1.41175e-06
 Incoming Energy [0.00013530950983759495, 0.00014517932133997175)
   Universe 32
     Total Material
       Flux                                 3.22333e-06 +/- 2.82302e-06
 Incoming Energy [0.00014517932133997175, 0.00015576906139141633)
   Universe 32
     Total Material
       Flux                                 2.54817e-06 +/- 2.40187e-06
 Incoming Energy [0.00015576906139141633, 0.00016713124336724874)
   Universe 32
     Total Material
       Flux                                 1.53266e-06 +/- 9.18116e-07
 Incoming Energy [0.00016713124336724874, 0.0001793222110987296)
   Universe 32
     Total Material
       Flux                                 4.50366e-06 +/- 3.1923e-06
 Incoming Energy [0.0001793222110987296, 0.0001924024182760237)
   Universe 32
     Total Material
       Flux                                 2.04951e-06 +/- 1.43788e-06
 Incoming Energy [0.0001924024182760237, 0.00020643672823151063)
   Universe 32
     Total Material
       Flux                                 3.57604e-06 +/- 3.57604e-06
 Incoming Energy [0.00020643672823151063, 0.00022149473559003182)
   Universe 32
     Total Material
       Flux                                 1.08048e-05 +/- 6.90568e-06
 Incoming Energy [0.00022149473559003182, 0.0002376511113811073)
   Universe 32
     Total Material
       Flux                                 4.031e-06 +/- 3.56553e-06
 Incoming Energy [0.0002376511113811073, 0.0002549859733244929)
   Universe 32
     Total Material
       Flux                                 7.19792e-06 +/- 4.67376e-06
 Incoming Energy [0.0002549859733244929, 0.00027358528312528555)
   Universe 32
     Total Material
       Flux                                 3.80218e-06 +/- 2.03827e-06
 Incoming Energy [0.00027358528312528555, 0.00029354127274871936)
   Universe 32
     Total Material
       Flux                                 4.98927e-06 +/- 3.52009e-06
 Incoming Energy [0.00029354127274871936, 0.00031495290178850375)
   Universe 32
     Total Material
       Flux                                 2.83934e-05 +/- 1.19307e-05
 Incoming Energy [0.00031495290178850375, 0.00033792634819674314)
   Universe 32
     Total Material
       Flux                                 2.72057e-05 +/- 9.56817e-06
 Incoming Energy [0.00033792634819674314, 0.00036257553480891516)
   Universe 32
     Total Material
       Flux                                 2.2642e-05 +/- 9.82945e-06
 Incoming Energy [0.00036257553480891516, 0.00038902269427488773)
   Universe 32
     Total Material
       Flux                                 1.2301e-05 +/- 5.18168e-06
 Incoming Energy [0.00038902269427488773, 0.0004173989751974065)
   Universe 32
     Total Material
       Flux                                 6.69389e-05 +/- 2.05535e-05
 Incoming Energy [0.0004173989751974065, 0.0004478450924838282)
   Universe 32
     Total Material
       Flux                                 2.01923e-05 +/- 9.43346e-06
 Incoming Energy [0.0004478450924838282, 0.0004805120251361242)
   Universe 32
     Total Material
       Flux                                 3.92886e-05 +/- 1.28448e-05
 Incoming Energy [0.0004805120251361242, 0.0005155617649394178)
   Universe 32
     Total Material
       Flux                                 2.99853e-05 +/- 1.0633e-05
 Incoming Energy [0.0005155617649394178, 0.0005531681197617227)
   Universe 32
     Total Material
       Flux                                 4.9302e-05 +/- 1.6096e-05
 Incoming Energy [0.0005531681197617227, 0.0005935175754483582)
   Universe 32
     Total Material
       Flux                                 6.36885e-05 +/- 1.6358e-05
 Incoming Energy [0.0005935175754483582, 0.0006368102205850818)
   Universe 32
     Total Material
       Flux                                 6.36042e-05 +/- 1.72723e-05
 Incoming Energy [0.0006368102205850818, 0.0006832607387157406)
   Universe 32
     Total Material
       Flux                                 5.24542e-05 +/- 1.49983e-05
 Incoming Energy [0.0006832607387157406, 0.0007330994729347401)
   Universe 32
     Total Material
       Flux                                 9.46275e-05 +/- 2.63613e-05
 Incoming Energy [0.0007330994729347401, 0.0007865735681335339)
   Universe 32
     Total Material
       Flux                                 8.51014e-05 +/- 2.23979e-05
 Incoming Energy [0.0007865735681335339, 0.0008439481965653998)
   Universe 32
     Total Material
       Flux                                 0.000109655 +/- 2.82449e-05
 Incoming Energy [0.0008439481965653998, 0.0009055078728059608)
   Universe 32
     Total Material
       Flux                                 6.75046e-05 +/- 1.59329e-05
 Incoming Energy [0.0009055078728059608, 0.0009715578646301858)
   Universe 32
     Total Material
       Flux                                 0.000123896 +/- 2.67244e-05
 Incoming Energy [0.0009715578646301858, 0.001042425706802262)
   Universe 32
     Total Material
       Flux                                 8.62764e-05 +/- 2.04384e-05
 Incoming Energy [0.001042425706802262, 0.0011184628252850577)
   Universe 32
     Total Material
       Flux                                 0.000220552 +/- 4.30932e-05
 Incoming Energy [0.0011184628252850577, 0.0012000462799234561)
   Universe 32
     Total Material
       Flux                                 0.000152662 +/- 2.65864e-05
 Incoming Energy [0.0012000462799234561, 0.0012875806342433338)
   Universe 32
     Total Material
       Flux                                 0.000207056 +/- 3.11891e-05
 Incoming Energy [0.0012875806342433338, 0.0013814999616383224)
   Universe 32
     Total Material
       Flux                                 0.00023535 +/- 3.37635e-05
 Incoming Energy [0.0013814999616383224, 0.0014822699978928057)
   Universe 32
     Total Material
       Flux                                 0.000304571 +/- 5.5257e-05
 Incoming Energy [0.0014822699978928057, 0.0015903904507152998)
   Universe 32
     Total Material
       Flux                                 0.000321652 +/- 4.751e-05
 Incoming Energy [0.0015903904507152998, 0.0017063974777349101)
   Universe 32
     Total Material
       Flux                                 0.000347145 +/- 5.89565e-05
 Incoming Energy [0.0017063974777349101, 0.0018308663452490203)
   Universe 32
     Total Material
       Flux                                 0.000428661 +/- 4.60118e-05
 Incoming Energy [0.0018308663452490203, 0.0019644142809066268)
   Universe 32
     Total Material
       Flux                                 0.000484134 +/- 5.52403e-05
 Incoming Energy [0.0019644142809066268, 0.002107703534473478)
   Universe 32
     Total Material
       Flux                                 0.000628126 +/- 7.25121e-05
 Incoming Energy [0.002107703534473478, 0.002261444661857022)
   Universe 32
     Total Material
       Flux                                 0.000786218 +/- 7.29937e-05
 Incoming Energy [0.002261444661857022, 0.002426400048676283)
   Universe 32
     Total Material
       Flux                                 0.00102979 +/- 8.75319e-05
 Incoming Energy [0.002426400048676283, 0.0026033876908496713)
   Universe 32
     Total Material
       Flux                                 0.000969645 +/- 8.29149e-05
 Incoming Energy [0.0026033876908496713, 0.002793285250948253)
   Universe 32
     Total Material
       Flux                                 0.00103608 +/- 7.90794e-05
 Incoming Energy [0.002793285250948253, 0.0029970344104294933)
   Universe 32
     Total Material
       Flux                                 0.00113955 +/- 9.93649e-05
 Incoming Energy [0.0029970344104294933, 0.003215645539333734)
   Universe 32
     Total Material
       Flux                                 0.00163194 +/- 0.00013245
 Incoming Energy [0.003215645539333734, 0.003450202706599923)
   Universe 32
     Total Material
       Flux                                 0.0017232 +/- 0.000125091
 Incoming Energy [0.003450202706599923, 0.0037018690558462022)
   Universe 32
     Total Material
       Flux                                 0.00211892 +/- 0.000160997
 Incoming Energy [0.0037018690558462022, 0.003971892573273298)
   Universe 32
     Total Material
       Flux                                 0.00230698 +/- 0.000140057
 Incoming Energy [0.003971892573273298, 0.004261612276293062)
   Universe 32
     Total Material
       Flux                                 0.00279398 +/- 0.000169877
 Incoming Energy [0.004261612276293062, 0.004572464853570975)
   Universe 32
     Total Material
       Flux                                 0.00314447 +/- 0.000168053
 Incoming Energy [0.004572464853570975, 0.0049059917894098155)
   Universe 32
     Total Material
       Flux                                 0.00367213 +/- 0.000196754
 Incoming Energy [0.0049059917894098155, 0.005263847007803561)
   Universe 32
     Total Material
       Flux                                 0.00417202 +/- 0.000210995
 Incoming Energy [0.005263847007803561, 0.005647805074067551)
   Universe 32
     Total Material
       Flux                                 0.00461568 +/- 0.000245091
 Incoming Energy [0.005647805074067551, 0.006059769994715917)
   Universe 32
     Total Material
       Flux                                 0.00588152 +/- 0.000254884
 Incoming Energy [0.006059769994715917, 0.006501784659223906)
   Universe 32
     Total Material
       Flux                                 0.00628 +/- 0.000240271
 Incoming Energy [0.006501784659223906, 0.006976040970495796)
   Universe 32
     Total Material
       Flux                                 0.00683083 +/- 0.000252673
 Incoming Energy [0.006976040970495796, 0.007484890714274272)
   Universe 32
     Total Material
       Flux                                 0.00861657 +/- 0.000277734
 Incoming Energy [0.007484890714274272, 0.008030857221391512)
   Universe 32
     Total Material
       Flux                                 0.00963661 +/- 0.000348468
 Incoming Energy [0.008030857221391512, 0.008616647880693804)
   Universe 32
     Total Material
       Flux                                 0.0116368 +/- 0.000348847
 Incoming Energy [0.008616647880693804, 0.009245167564689979)
   Universe 32
     Total Material
       Flux                                 0.0132951 +/- 0.000430981
 Incoming Energy [0.009245167564689979, 0.009919533034499887)
   Universe 32
     Total Material
       Flux                                 0.0159673 +/- 0.000387853
 Incoming Energy [0.009919533034499887, 0.010643088395535655)
   Universe 32
     Total Material
       Flux                                 0.0186811 +/- 0.000561695
 Incoming Energy [0.010643088395535655, 0.011419421680558647)
   Universe 32
     Total Material
       Flux                                 0.0212556 +/- 0.000507652
 Incoming Energy [0.011419421680558647, 0.012252382642345783)
   Universe 32
     Total Material
       Flux                                 0.0238867 +/- 0.000504407
 Incoming Energy [0.012252382642345783, 0.013146101844197086)
   Universe 32
     Total Material
       Flux                                 0.0282274 +/- 0.000555883
 Incoming Energy [0.013146101844197086, 0.014105011142952251)
   Universe 32
     Total Material
       Flux                                 0.0325585 +/- 0.000554198
 Incoming Energy [0.014105011142952251, 0.015133865666089276)
   Universe 32
     Total Material
       Flux                                 0.0382406 +/- 0.000619127
 Incoming Energy [0.015133865666089276, 0.01623776739188721)
   Universe 32
     Total Material
       Flux                                 0.0436515 +/- 0.000698159
 Incoming Energy [0.01623776739188721, 0.017422190449584513)
   Universe 32
     Total Material
       Flux                                 0.0518056 +/- 0.000918888
 Incoming Energy [0.017422190449584513, 0.01869300826499376)
   Universe 32
     Total Material
       Flux                                 0.0583219 +/- 0.00082552
 Incoming Energy [0.01869300826499376, 0.020056522686184866)
   Universe 32
     Total Material
       Flux                                 0.0679082 +/- 0.000983309
 Incoming Energy [0.020056522686184866, 0.02151949523366789)
   Universe 32
     Total Material
       Flux                                 0.0794435 +/- 0.00102701
 Incoming Energy [0.02151949523366789, 0.0230891806300419)
   Universe 32
     Total Material
       Flux                                 0.0903551 +/- 0.00103796
 Incoming Energy [0.0230891806300419, 0.024773362775379382)
   Universe 32
     Total Material
       Flux                                 0.105125 +/- 0.00127196
 Incoming Energy [0.024773362775379382, 0.02658039334674472)
   Universe 32
     Total Material
       Flux                                 0.121295 +/- 0.001218
 Incoming Energy [0.02658039334674472, 0.02851923321325727)
   Universe 32
     Total Material
       Flux                                 0.141915 +/- 0.00149263
 Incoming Energy [0.02851923321325727, 0.03059949687207193)
   Universe 32
     Total Material
       Flux                                 0.162507 +/- 0.00154242
 Incoming Energy [0.03059949687207193, 0.032831500125630436)
   Universe 32
     Total Material
       Flux                                 0.184274 +/- 0.001344
 Incoming Energy [0.032831500125630436, 0.03522631123660972)
   Universe 32
     Total Material
       Flux                                 0.207344 +/- 0.00146516
 Incoming Energy [0.03522631123660972, 0.03779580581423915)
   Universe 32
     Total Material
       Flux                                 0.236373 +/- 0.00182677
 Incoming Energy [0.03779580581423915, 0.040552725704162004)
   Universe 32
     Total Material
       Flux                                 0.265829 +/- 0.00153447
 Incoming Energy [0.040552725704162004, 0.04351074217386962)
   Universe 32
     Total Material
       Flux                                 0.301748 +/- 0.00192701
 Incoming Energy [0.04351074217386962, 0.0466845237070379)
   Universe 32
     Total Material
       Flux                                 0.334749 +/- 0.00222274
 Incoming Energy [0.0466845237070379, 0.05008980874295105)
   Universe 32
     Total Material
       Flux                                 0.377308 +/- 0.00229233
 Incoming Energy [0.05008980874295105, 0.05374348372171936)
   Universe 32
     Total Material
       Flux                                 0.427761 +/- 0.00207875
 Incoming Energy [0.05374348372171936, 0.05766366682230915)
   Universe 32
     Total Material
       Flux                                 0.47482 +/- 0.00225612
 Incoming Energy [0.05766366682230915, 0.061869797808631895)
   Universe 32
     Total Material
       Flux                                 0.52371 +/- 0.00224065
 Incoming Energy [0.061869797808631895, 0.06638273442923075)
   Universe 32
     Total Material
       Flux                                 0.565983 +/- 0.00290973
 Incoming Energy [0.06638273442923075, 0.07122485584859907)
   Universe 32
     Total Material
       Flux                                 0.624554 +/- 0.00266338
 Incoming Energy [0.07122485584859907, 0.0764201736230362)
   Universe 32
     Total Material
       Flux                                 0.676309 +/- 0.002812
 Incoming Energy [0.0764201736230362, 0.08199445077135761)
   Universe 32
     Total Material
       Flux                                 0.728909 +/- 0.00246034
 Incoming Energy [0.08199445077135761, 0.0879753295309181)
   Universe 32
     Total Material
       Flux                                 0.771899 +/- 0.00289373
 Incoming Energy [0.0879753295309181, 0.09439246843247663)
   Universe 32
     Total Material
       Flux                                 0.821112 +/- 0.00316543
 Incoming Energy [0.09439246843247663, 0.10127768937364176)
   Universe 32
     Total Material
       Flux                                 0.870828 +/- 0.00328853
 Incoming Energy [0.10127768937364176, 0.10866513542021952)
   Universe 32
     Total Material
       Flux                                 0.907083 +/- 0.00353234
 Incoming Energy [0.10866513542021952, 0.11659144011798311)
   Universe 32
     Total Material
       Flux                                 0.942273 +/- 0.00332665
 Incoming Energy [0.11659144011798311, 0.12509590915446336)
   Universe 32
     Total Material
       Flux                                 0.973746 +/- 0.00401838
 Incoming Energy [0.12509590915446336, 0.1342207152716012)
   Universe 32
     Total Material
       Flux                                 0.999537 +/- 0.0036531
 Incoming Energy [0.1342207152716012, 0.14401110739581258)
   Universe 32
     Total Material
       Flux                                 1.01941 +/- 0.00340299
 Incoming Energy [0.14401110739581258, 0.1545156350225197)
   Universe 32
     Total Material
       Flux                                 1.04251 +/- 0.00330385
 Incoming Energy [0.1545156350225197, 0.1657863889678466)
   Universe 32
     Total Material
       Flux                                 1.04149 +/- 0.00350504
 Incoming Energy [0.1657863889678466, 0.17787925968134125)
   Universe 32
     Total Material
       Flux                                 1.04683 +/- 0.00356278
 Incoming Energy [0.17787925968134125, 0.1908542144006686)
   Universe 32
     Total Material
       Flux                                 1.04682 +/- 0.00349803
 Incoming Energy [0.1908542144006686, 0.2047755945226545)
   Universe 32
     Total Material
       Flux                                 1.04044 +/- 0.0030968
 Incoming Energy [0.2047755945226545, 0.21971243466531384)
   Universe 32
     Total Material
       Flux                                 1.03127 +/- 0.00291703
 Incoming Energy [0.21971243466531384, 0.23573880500305058)
   Universe 32
     Total Material
       Flux                                 1.02375 +/- 0.00326929
 Incoming Energy [0.23573880500305058, 0.25293417857264144)
   Universe 32
     Total Material
       Flux                                 1.00919 +/- 0.00278811
 Incoming Energy [0.25293417857264144, 0.27138382537142747)
   Universe 32
     Total Material
       Flux                                 1.00411 +/- 0.00330863
 Incoming Energy [0.27138382537142747, 0.29117923520200634)
   Universe 32
     Total Material
       Flux                                 1.0051 +/- 0.0027311
 Incoming Energy [0.29117923520200634, 0.31241857136026613)
   Universe 32
     Total Material
       Flux                                 1.00888 +/- 0.00255018
 Incoming Energy [0.31241857136026613, 0.3352071574165505)
   Universe 32
     Total Material
       Flux                                 1.02232 +/- 0.00249178
 Incoming Energy [0.3352071574165505, 0.3596579995038498)
   Universe 32
     Total Material
       Flux                                 1.03322 +/- 0.00298281
 Incoming Energy [0.3596579995038498, 0.3858923467029899)
   Universe 32
     Total Material
       Flux                                 1.04754 +/- 0.00264367
 Incoming Energy [0.3858923467029899, 0.41404029230370726)
   Universe 32
     Total Material
       Flux                                 1.0481 +/- 0.00285327
 Incoming Energy [0.41404029230370726, 0.4442414189231991)
   Universe 32
     Total Material
       Flux                                 1.05666 +/- 0.00305309
 Incoming Energy [0.4442414189231991, 0.4766454906812224)
   Universe 32
     Total Material
       Flux                                 1.05654 +/- 0.00252273
 Incoming Energy [0.4766454906812224, 0.511413195864162)
   Universe 32
     Total Material
       Flux                                 1.05264 +/- 0.00285003
 Incoming Energy [0.511413195864162, 0.5487169437608599)
   Universe 32
     Total Material
       Flux                                 1.05187 +/- 0.00316515
 Incoming Energy [0.5487169437608599, 0.5887417196216269)
   Universe 32
     Total Material
       Flux                                 1.04983 +/- 0.00276597
 Incoming Energy [0.5887417196216269, 0.6316860019800878)
   Universe 32
     Total Material
       Flux                                 1.05184 +/- 0.0026195
 Incoming Energy [0.6316860019800878, 0.6777627468867584)
   Universe 32
     Total Material
       Flux                                 1.04983 +/- 0.00260278
 Incoming Energy [0.6777627468867584, 0.7272004439350618)
   Universe 32
     Total Material
       Flux                                 1.05605 +/- 0.00287645
 Incoming Energy [0.7272004439350618, 0.7802442493165045)
   Universe 32
     Total Material
       Flux                                 1.05392 +/- 0.00232729
 Incoming Energy [0.7802442493165045, 0.8371572015237096)
   Universe 32
     Total Material
       Flux                                 1.05573 +/- 0.00273963
 Incoming Energy [0.8371572015237096, 0.8982215257298459)
   Universe 32
     Total Material
       Flux                                 1.0536 +/- 0.00303225
 Incoming Energy [0.8982215257298459, 0.9637400333127307)
   Universe 32
     Total Material
       Flux                                 1.04759 +/- 0.00231716
 Incoming Energy [0.9637400333127307, 1.034037623463694)
   Universe 32
     Total Material
       Flux                                 1.03548 +/- 0.00234176
 Incoming Energy [1.034037623463694, 1.1094628943275218)
   Universe 32
     Total Material
       Flux                                 1.0274 +/- 0.00248356
 Incoming Energy [1.1094628943275218, 1.1903898716629433)
   Universe 32
     Total Material
       Flux                                 1.09536 +/- 0.00239478
 Incoming Energy [1.1903898716629433, 1.2772198635959053)
   Universe 32
     Total Material
       Flux                                 1.11162 +/- 0.00228896
 Incoming Energy [1.2772198635959053, 1.3703834506631651)
   Universe 32
     Total Material
       Flux                                 1.12077 +/- 0.00277986
 Incoming Energy [1.3703834506631651, 1.4703426210145767)
   Universe 32
     Total Material
       Flux                                 1.12642 +/- 0.00293595
 Incoming Energy [1.4703426210145767, 1.577593061362358)
   Universe 32
     Total Material
       Flux                                 1.12794 +/- 0.00257137
 Incoming Energy [1.577593061362358, 1.6926666150378726)
   Universe 32
     Total Material
       Flux                                 1.13312 +/- 0.0025633
 Incoming Energy [1.6926666150378726, 1.8161339193451733)
   Universe 32
     Total Material
       Flux                                 1.13491 +/- 0.00225379
 Incoming Energy [1.8161339193451733, 1.9486072352896624)
   Universe 32
     Total Material
       Flux                                 1.13447 +/- 0.00249383
 Incoming Energy [1.9486072352896624, 2.0907434837141836)
   Universe 32
     Total Material
       Flux                                 1.1386 +/- 0.00244172
 Incoming Energy [2.0907434837141836, 2.2432475028984156)
   Universe 32
     Total Material
       Flux                                 1.13951 +/- 0.00244721
 Incoming Energy [2.2432475028984156, 2.4068755437756524)
   Universe 32
     Total Material
       Flux                                 1.14837 +/- 0.002135
 Incoming Energy [2.4068755437756524, 2.5824390200993697)
   Universe 32
     Total Material
       Flux                                 1.1476 +/- 0.00258052
 Incoming Energy [2.5824390200993697, 2.7708085321562503)
   Universe 32
     Total Material
       Flux                                 1.14385 +/- 0.00286088
 Incoming Energy [2.7708085321562503, 2.972918183978825)
   Universe 32
     Total Material
       Flux                                 1.1483 +/- 0.00267043
 Incoming Energy [2.972918183978825, 3.1897702154663183)
   Universe 32
     Total Material
       Flux                                 1.15171 +/- 0.00233134
 Incoming Energy [3.1897702154663183, 3.4224399723838856)
   Universe 32
     Total Material
       Flux                                 1.14923 +/- 0.00221655
 Incoming Energy [3.4224399723838856, 3.672081238885935)
   Universe 32
     Total Material
       Flux                                 1.15966 +/- 0.00269236
 Incoming Energy [3.672081238885935, 3.9399319590069286)
   Universe 32
     Total Material
       Flux                                 1.18861 +/- 0.00280566
 Incoming Energy [3.9399319590069286, 4.227320375491933)
   Universe 32
     Total Material
       Flux                                 1.20068 +/- 0.00254571
 Incoming Energy [4.227320375491933, 4.5356716164087025)
   Universe 32
     Total Material
       Flux                                 1.19489 +/- 0.00258997
 Incoming Energy [4.5356716164087025, 4.866514762203593)
   Universe 32
     Total Material
       Flux                                 1.18696 +/- 0.00232019
 Incoming Energy [4.866514762203593, 5.221490428246087)
   Universe 32
     Total Material
       Flux                                 1.16315 +/- 0.00290099
 Incoming Energy [5.221490428246087, 5.602358900462922)
   Universe 32
     Total Material
       Flux                                 1.15735 +/- 0.00231285
 Incoming Energy [5.602358900462922, 6.011008864405581)
   Universe 32
     Total Material
       Flux                                 1.19886 +/- 0.00296227
 Incoming Energy [6.011008864405581, 6.449466771037621)
   Universe 32
     Total Material
       Flux                                 1.20566 +/- 0.00261959
 Incoming Energy [6.449466771037621, 6.919906885685778)
   Universe 32
     Total Material
       Flux                                 1.0765 +/- 0.00199125
 Incoming Energy [6.919906885685778, 7.4246620699865025)
   Universe 32
     Total Material
       Flux                                 1.30072 +/- 0.00269938
 Incoming Energy [7.4246620699865025, 7.9662353502945)
   Universe 32
     Total Material
       Flux                                 1.34547 +/- 0.00277877
 Incoming Energy [7.9662353502945, 8.547312329919563)
   Universe 32
     Total Material
       Flux                                 1.34741 +/- 0.00293538
 Incoming Energy [8.547312329919563, 9.170774506742912)
   Universe 32
     Total Material
       Flux                                 1.34511 +/- 0.00286578
 Incoming Energy [9.170774506742912, 9.839713562253454)
   Universe 32
     Total Material
       Flux                                 1.35874 +/- 0.00259556
 Incoming Energy [9.839713562253454, 10.557446692861834)
   Universe 32
     Total Material
       Flux                                 1.35718 +/- 0.00283122
 Incoming Energy [10.557446692861834, 11.327533059518572)
   Universe 32
     Total Material
       Flux                                 1.35047 +/- 0.00279178
 Incoming Energy [11.327533059518572, 12.1537914372082)
   Universe 32
     Total Material
       Flux                                 1.35559 +/- 0.00287472
 Incoming Energy [12.1537914372082, 13.040319151841288)
   Universe 32
     Total Material
       Flux                                 1.36376 +/- 0.00255857
 Incoming Energy [13.040319151841288, 13.991512398450388)
   Universe 32
     Total Material
       Flux                                 1.37599 +/- 0.00234798
 Incoming Energy [13.991512398450388, 15.012088041445622)
   Universe 32
     Total Material
       Flux                                 1.37047 +/- 0.00284625
 Incoming Energy [15.012088041445622, 16.107107005035026)
   Universe 32
     Total Material
       Flux                                 1.37925 +/- 0.00240308
 Incoming Energy [16.107107005035026, 17.2819993698002)
   Universe 32
     Total Material
       Flux                                 1.39331 +/- 0.00262281
 Incoming Energy [17.2819993698002, 18.542591299878506)
   Universe 32
     Total Material
       Flux                                 1.40573 +/- 0.00228778
 Incoming Energy [18.542591299878506, 19.895133934280718)
   Universe 32
     Total Material
       Flux                                 1.40901 +/- 0.00279254
 Incoming Energy [19.895133934280718, 21.346334385613176)
   Universe 32
     Total Material
       Flux                                 1.32725 +/- 0.00272578
 Incoming Energy [21.346334385613176, 22.903388999923582)
   Universe 32
     Total Material
       Flux                                 1.47967 +/- 0.00245493
 Incoming Energy [22.903388999923582, 24.574019042602586)
   Universe 32
     Total Material
       Flux                                 1.48077 +/- 0.00285717
 Incoming Energy [24.574019042602586, 26.366508987303554)
   Universe 32
     Total Material
       Flux                                 1.48844 +/- 0.00265194
 Incoming Energy [26.366508987303554, 28.289747597751216)
   Universe 32
     Total Material
       Flux                                 1.48377 +/- 0.00252849
 Incoming Energy [28.289747597751216, 30.35327200615938)
   Universe 32
     Total Material
       Flux                                 1.50164 +/- 0.00307498
 Incoming Energy [30.35327200615938, 32.567315006837866)
   Universe 32
     Total Material
       Flux                                 1.50319 +/- 0.00309301
 Incoming Energy [32.567315006837866, 34.94285579951251)
   Universe 32
     Total Material
       Flux                                 1.49959 +/- 0.00285965
 Incoming Energy [34.94285579951251, 37.491674433988855)
   Universe 32
     Total Material
       Flux                                 1.45736 +/- 0.00275457
 Incoming Energy [37.491674433988855, 40.226410226144814)
   Universe 32
     Total Material
       Flux                                 1.55689 +/- 0.00307474
 Incoming Energy [40.226410226144814, 43.16062443493076)
   Universe 32
     Total Material
       Flux                                 1.57722 +/- 0.00296343
 Incoming Energy [43.16062443493076, 46.30886751118551)
   Universe 32
     Total Material
       Flux                                 1.45536 +/- 0.00252515
 Incoming Energy [46.30886751118551, 49.68675125174837)
   Universe 32
     Total Material
       Flux                                 1.60218 +/- 0.00292245
 Incoming Energy [49.68675125174837, 53.31102621667022)
   Universe 32
     Total Material
       Flux                                 1.60613 +/- 0.00280984
 Incoming Energy [53.31102621667022, 57.19966479342907)
   Universe 32
     Total Material
       Flux                                 1.61713 +/- 0.00332626
 Incoming Energy [57.19966479342907, 61.371950320055284)
   Universe 32
     Total Material
       Flux                                 1.62848 +/- 0.00343318
 Incoming Energy [61.371950320055284, 65.84857270911874)
   Universe 32
     Total Material
       Flux                                 1.6377 +/- 0.00285124
 Incoming Energy [65.84857270911874, 70.6517310467671)
   Universe 32
     Total Material
       Flux                                 1.60819 +/- 0.0027351
 Incoming Energy [70.6517310467671, 75.80524367559246)
   Universe 32
     Total Material
       Flux                                 1.6491 +/- 0.00286319
 Incoming Energy [75.80524367559246, 81.33466630721566)
   Universe 32
     Total Material
       Flux                                 1.64795 +/- 0.0027649
 Incoming Energy [81.33466630721566, 87.26741875029558)
   Universe 32
     Total Material
       Flux                                 1.6602 +/- 0.0026819
 Incoming Energy [87.26741875029558, 93.63292088239398)
   Universe 32
     Total Material
       Flux                                 1.66901 +/- 0.0030114
 Incoming Energy [93.63292088239398, 100.46273853996577)
   Universe 32
     Total Material
       Flux                                 1.67209 +/- 0.00300919
 Incoming Energy [100.46273853996577, 107.79074004992714)
   Universe 32
     Total Material
       Flux                                 1.6604 +/- 0.00266273
 Incoming Energy [107.79074004992714, 115.65326417902489)
   Universe 32
     Total Material
       Flux                                 1.6949 +/- 0.00267397
 Incoming Energy [115.65326417902489, 124.08930033384962)
   Universe 32
     Total Material
       Flux                                 1.68123 +/- 0.00293499
 Incoming Energy [124.08930033384962, 133.14068190508516)
   Universe 32
     Total Material
       Flux                                 1.66969 +/- 0.00265469
 Incoming Energy [133.14068190508516, 142.8522937147674)
   Universe 32
     Total Material
       Flux                                 1.71147 +/- 0.0030632
 Incoming Energy [142.8522937147674, 153.27229459526117)
   Universe 32
     Total Material
       Flux                                 1.71751 +/- 0.00288294
 Incoming Energy [153.27229459526117, 164.4523562037002)
   Universe 32
     Total Material
       Flux                                 1.7185 +/- 0.0026937
 Incoming Energy [164.4523562037002, 176.44791925614484)
   Universe 32
     Total Material
       Flux                                 1.72814 +/- 0.00282256
 Incoming Energy [176.44791925614484, 189.31846845209563)
   Universe 32
     Total Material
       Flux                                 1.75297 +/- 0.00293023
 Incoming Energy [189.31846845209563, 203.127827452683)
   Universe 32
     Total Material
       Flux                                 1.69398 +/- 0.00246109
 Incoming Energy [203.127827452683, 217.94447537529834)
   Universe 32
     Total Material
       Flux                                 1.73888 +/- 0.00317784
 Incoming Energy [217.94447537529834, 233.84188637412925)
   Universe 32
     Total Material
       Flux                                 1.76018 +/- 0.00307245
 Incoming Energy [233.84188637412925, 250.89889399054155)
   Universe 32
     Total Material
       Flux                                 1.7293 +/- 0.00313175
 Incoming Energy [250.89889399054155, 269.2000820800829)
   Universe 32
     Total Material
       Flux                                 1.71803 +/- 0.00294167
 Incoming Energy [269.2000820800829, 288.83620425467143)
   Universe 32
     Total Material
       Flux                                 1.81249 +/- 0.00340198
 Incoming Energy [288.83620425467143, 309.90463391994206)
   Universe 32
     Total Material
       Flux                                 1.99185 +/- 0.0027054
 Incoming Energy [309.90463391994206, 332.5098471394277)
   Universe 32
     Total Material
       Flux                                 1.73367 +/- 0.00217422
 Incoming Energy [332.5098471394277, 356.7639407200582)
   Universe 32
     Total Material
       Flux                                 1.10249 +/- 0.00174398
 Incoming Energy [356.7639407200582, 382.78718808809924)
   Universe 32
     Total Material
       Flux                                 1.50614 +/- 0.00240344
 Incoming Energy [382.78718808809924, 410.7086357120614)
   Universe 32
     Total Material
       Flux                                 1.70425 +/- 0.00250647
 Incoming Energy [410.7086357120614, 440.6667430301777)
   Universe 32
     Total Material
       Flux                                 1.75645 +/- 0.00279118
 Incoming Energy [440.6667430301777, 472.8100690557794)
   Universe 32
     Total Material
       Flux                                 1.76913 +/- 0.00290592
 Incoming Energy [472.8100690557794, 507.2980090653717)
   Universe 32
     Total Material
       Flux                                 1.79565 +/- 0.00325421
 Incoming Energy [507.2980090653717, 544.3015850225667)
   Universe 32
     Total Material
       Flux                                 1.8014 +/- 0.00290708
 Incoming Energy [544.3015850225667, 584.0042936574998)
   Universe 32
     Total Material
       Flux                                 1.80882 +/- 0.00297079
 Incoming Energy [584.0042936574998, 626.6030164072644)
   Universe 32
     Total Material
       Flux                                 1.8149 +/- 0.00292232
 Incoming Energy [626.6030164072644, 672.3089957296586)
   Universe 32
     Total Material
       Flux                                 1.82223 +/- 0.00273712
 Incoming Energy [672.3089957296586, 721.3488826316828)
   Universe 32
     Total Material
       Flux                                 1.82425 +/- 0.00285817
 Incoming Energy [721.3488826316828, 773.9658606073632)
   Universe 32
     Total Material
       Flux                                 1.83739 +/- 0.00271718
 Incoming Energy [773.9658606073632, 830.4208515583917)
   Universe 32
     Total Material
       Flux                                 1.81589 +/- 0.00300473
 Incoming Energy [830.4208515583917, 890.9938096776098)
   Universe 32
     Total Material
       Flux                                 1.82238 +/- 0.00315969
 Incoming Energy [890.9938096776098, 955.9851097115654)
   Universe 32
     Total Material
       Flux                                 1.85017 +/- 0.00305828
 Incoming Energy [955.9851097115654, 1025.717036486387)
   Universe 32
     Total Material
       Flux                                 1.90533 +/- 0.00336653
 Incoming Energy [1025.717036486387, 1100.5353830833687)
   Universe 32
     Total Material
       Flux                                 1.77824 +/- 0.00301252
 Incoming Energy [1100.5353830833687, 1180.8111655894647)
   Universe 32
     Total Material
       Flux                                 1.71122 +/- 0.0027183
 Incoming Energy [1180.8111655894647, 1266.9424629259024)
   Universe 32
     Total Material
       Flux                                 1.87477 +/- 0.00285772
 Incoming Energy [1266.9424629259024, 1359.356390878524)
   Universe 32
     Total Material
       Flux                                 1.87367 +/- 0.00294805
 Incoming Energy [1359.356390878524, 1458.5112201187242)
   Universe 32
     Total Material
       Flux                                 1.88421 +/- 0.00303849
 Incoming Energy [1458.5112201187242, 1564.898648718175)
   Universe 32
     Total Material
       Flux                                 1.88722 +/- 0.00351963
 Incoming Energy [1564.898648718175, 1679.0462404263283)
   Universe 32
     Total Material
       Flux                                 1.88388 +/- 0.00314945
 Incoming Energy [1679.0462404263283, 1801.520040802024)
   Universe 32
     Total Material
       Flux                                 1.87903 +/- 0.00331958
 Incoming Energy [1801.520040802024, 1932.9273841721301)
   Universe 32
     Total Material
       Flux                                 1.89626 +/- 0.00290453
 Incoming Energy [1932.9273841721301, 2073.9199053368266)
   Universe 32
     Total Material
       Flux                                 1.93801 +/- 0.00296061
 Incoming Energy [2073.9199053368266, 2225.1967709560217)
   Universe 32
     Total Material
       Flux                                 1.96904 +/- 0.00274597
 Incoming Energy [2225.1967709560217, 2387.508146641251)
   Universe 32
     Total Material
       Flux                                 1.78051 +/- 0.00296941
 Incoming Energy [2387.508146641251, 2561.6589169457216)
   Universe 32
     Total Material
       Flux                                 1.65562 +/- 0.00254144
 Incoming Energy [2561.6589169457216, 2748.512676699813)
   Universe 32
     Total Material
       Flux                                 1.76966 +/- 0.00312076
 Incoming Energy [2748.512676699813, 2948.9960134843373)
   Universe 32
     Total Material
       Flux                                 1.84657 +/- 0.00287228
 Incoming Energy [2948.9960134843373, 3164.1031024782033)
   Universe 32
     Total Material
       Flux                                 1.87909 +/- 0.00294128
 Incoming Energy [3164.1031024782033, 3394.900636465484)
   Universe 32
     Total Material
       Flux                                 1.88756 +/- 0.00333392
 Incoming Energy [3394.900636465484, 3642.533115449638)
   Universe 32
     Total Material
       Flux                                 1.91653 +/- 0.00314113
 Incoming Energy [3642.533115449638, 3908.2285221051084)
   Universe 32
     Total Material
       Flux                                 1.91771 +/- 0.00343886
 Incoming Energy [3908.2285221051084, 4193.304411210662)
   Universe 32
     Total Material
       Flux                                 1.82374 +/- 0.00273334
 Incoming Energy [4193.304411210662, 4499.174443260962)
   Universe 32
     Total Material
       Flux                                 1.81852 +/- 0.00272437
 Incoming Energy [4499.174443260962, 4827.3553946559805)
   Universe 32
     Total Material
       Flux                                 1.83543 +/- 0.00297515
 Incoming Energy [4827.3553946559805, 5179.474679231202)
   Universe 32
     Total Material
       Flux                                 1.89733 +/- 0.00283622
 Incoming Energy [5179.474679231202, 5557.278418426631)
   Universe 32
     Total Material
       Flux                                 1.91287 +/- 0.00263126
 Incoming Energy [5557.278418426631, 5962.640100114282)
   Universe 32
     Total Material
       Flux                                 1.79973 +/- 0.0029598
 Incoming Energy [5962.640100114282, 6397.569869021687)
   Universe 32
     Total Material
       Flux                                 1.84458 +/- 0.00293374
 Incoming Energy [6397.569869021687, 6864.224494822331)
   Universe 32
     Total Material
       Flux                                 1.94198 +/- 0.00266305
 Incoming Energy [6864.224494822331, 7364.918067322943)
   Universe 32
     Total Material
       Flux                                 1.93025 +/- 0.00282253
 Incoming Energy [7364.918067322943, 7902.133471784724)
   Universe 32
     Total Material
       Flux                                 1.75528 +/- 0.00243313
 Incoming Energy [7902.133471784724, 8478.534701282531)
   Universe 32
     Total Material
       Flux                                 1.68651 +/- 0.00248437
 Incoming Energy [8478.534701282531, 9096.98006715859)
   Universe 32
     Total Material
       Flux                                 1.74149 +/- 0.0024638
 Incoming Energy [9096.98006715859, 9760.53637307897)
   Universe 32
     Total Material
       Flux                                 1.84015 +/- 0.00261206
 Incoming Energy [9760.53637307897, 10472.494122981476)
   Universe 32
     Total Material
       Flux                                 1.93261 +/- 0.00313555
 Incoming Energy [10472.494122981476, 11236.383838328406)
   Universe 32
     Total Material
       Flux                                 1.97226 +/- 0.00329796
 Incoming Energy [11236.383838328406, 12055.993565580886)
   Universe 32
     Total Material
       Flux                                 1.9784 +/- 0.00276242
 Incoming Energy [12055.993565580886, 12935.387660711121)
   Universe 32
     Total Material
       Flux                                 1.87395 +/- 0.00327795
 Incoming Energy [12935.387660711121, 13878.926943904366)
   Universe 32
     Total Material
       Flux                                 1.92139 +/- 0.00337613
 Incoming Energy [13878.926943904366, 14891.290324394056)
   Universe 32
     Total Material
       Flux                                 2.12356 +/- 0.00299506
 Incoming Energy [14891.290324394056, 15977.49800266698)
   Universe 32
     Total Material
       Flux                                 1.73912 +/- 0.00271749
 Incoming Energy [15977.49800266698, 17142.936365093934)
   Universe 32
     Total Material
       Flux                                 1.81916 +/- 0.00284037
 Incoming Energy [17142.936365093934, 18393.38469443754)
   Universe 32
     Total Material
       Flux                                 1.917 +/- 0.0032414
 Incoming Energy [18393.38469443754, 19735.04382868973)
   Universe 32
     Total Material
       Flux                                 2.03988 +/- 0.00315549
 Incoming Energy [19735.04382868973, 21174.566910357116)
   Universe 32
     Total Material
       Flux                                 1.95758 +/- 0.00330286
 Incoming Energy [21174.566910357116, 22719.09237867433)
   Universe 32
     Total Material
       Flux                                 1.92598 +/- 0.00353342
 Incoming Energy [22719.09237867433, 24376.279368352614)
   Universe 32
     Total Material
       Flux                                 1.94364 +/- 0.00336386
 Incoming Energy [24376.279368352614, 26154.34569039958)
   Universe 32
     Total Material
       Flux                                 2.56829 +/- 0.00404375
 Incoming Energy [26154.34569039958, 28062.108583355646)
   Universe 32
     Total Material
       Flux                                 2.01347 +/- 0.00258307
 Incoming Energy [28062.108583355646, 30109.028437025863)
   Universe 32
     Total Material
       Flux                                 1.44057 +/- 0.00198845
 Incoming Energy [30109.028437025863, 32305.255705529147)
   Universe 32
     Total Material
       Flux                                 1.81245 +/- 0.00255625
 Incoming Energy [32305.255705529147, 34661.68124230303)
   Universe 32
     Total Material
       Flux                                 1.95227 +/- 0.00337301
 Incoming Energy [34661.68124230303, 37189.99030666666)
   Universe 32
     Total Material
       Flux                                 1.96139 +/- 0.00375466
 Incoming Energy [37189.99030666666, 39902.72050975876)
   Universe 32
     Total Material
       Flux                                 1.97953 +/- 0.00324204
 Incoming Energy [39902.72050975876, 42813.323987193784)
   Universe 32
     Total Material
       Flux                                 2.00111 +/- 0.00353301
 Incoming Energy [42813.323987193784, 45936.23410674842)
   Universe 32
     Total Material
       Flux                                 2.04979 +/- 0.00357789
 Incoming Energy [45936.23410674842, 49286.93704186966)
   Universe 32
     Total Material
       Flux                                 2.20345 +/- 0.00368195
 Incoming Energy [49286.93704186966, 52882.04856593509)
   Universe 32
     Total Material
       Flux                                 1.92133 +/- 0.00359646
 Incoming Energy [52882.04856593509, 56739.39644807399)
   Universe 32
     Total Material
       Flux                                 1.99685 +/- 0.00343854
 Incoming Energy [56739.39644807399, 60878.108859147556)
   Universe 32
     Total Material
       Flux                                 2.09883 +/- 0.00351823
 Incoming Energy [60878.108859147556, 65318.70922627711)
   Universe 32
     Total Material
       Flux                                 2.06074 +/- 0.00329048
 Incoming Energy [65318.70922627711, 70083.2180063009)
   Universe 32
     Total Material
       Flux                                 2.07791 +/- 0.00348383
 Incoming Energy [70083.2180063009, 75195.2618828353)
   Universe 32
     Total Material
       Flux                                 2.07571 +/- 0.00360596
 Incoming Energy [75195.2618828353, 80680.19092844524)
   Universe 32
     Total Material
       Flux                                 2.16038 +/- 0.003666
 Incoming Energy [80680.19092844524, 86565.20431290918)
   Universe 32
     Total Material
       Flux                                 2.07318 +/- 0.00405832
 Incoming Energy [86565.20431290918, 92879.48518096234)
   Universe 32
     Total Material
       Flux                                 2.14864 +/- 0.00406587
 Incoming Energy [92879.48518096234, 99654.34536835155)
   Universe 32
     Total Material
       Flux                                 2.07239 +/- 0.00324941
 Incoming Energy [99654.34536835155, 106923.38067384445)
   Universe 32
     Total Material
       Flux                                 2.09805 +/- 0.0035956
 Incoming Energy [106923.38067384445, 114722.637457158)
   Universe 32
     Total Material
       Flux                                 2.09004 +/- 0.00378702
 Incoming Energy [114722.637457158, 123090.79138896018)
   Universe 32
     Total Material
       Flux                                 2.17255 +/- 0.0038417
 Incoming Energy [123090.79138896018, 132069.33923933338)
   Universe 32
     Total Material
       Flux                                 2.18504 +/- 0.00336906
 Incoming Energy [132069.33923933338, 141702.80465577188)
   Universe 32
     Total Material
       Flux                                 2.42046 +/- 0.0038197
 Incoming Energy [141702.80465577188, 152038.9589511292)
   Universe 32
     Total Material
       Flux                                 1.97726 +/- 0.00350069
 Incoming Energy [152038.9589511292, 163129.05799639432)
   Universe 32
     Total Material
       Flux                                 2.18059 +/- 0.00364288
 Incoming Energy [163129.05799639432, 175028.09639300976)
   Universe 32
     Total Material
       Flux                                 2.18495 +/- 0.00397397
 Incoming Energy [175028.09639300976, 187795.08018514837)
   Universe 32
     Total Material
       Flux                                 2.40264 +/- 0.00362825
 Incoming Energy [187795.08018514837, 201493.3194643082)
   Universe 32
     Total Material
       Flux                                 2.05387 +/- 0.00344235
 Incoming Energy [201493.3194643082, 216190.74231720148)
   Universe 32
     Total Material
       Flux                                 2.22508 +/- 0.00427029
 Incoming Energy [216190.74231720148, 231960.23167379442)
   Universe 32
     Total Material
       Flux                                 2.26541 +/- 0.00323568
 Incoming Energy [231960.23167379442, 248879.98672586572)
   Universe 32
     Total Material
       Flux                                 2.26074 +/- 0.00369715
 Incoming Energy [248879.98672586572, 267033.91070834635)
   Universe 32
     Total Material
       Flux                                 2.30756 +/- 0.00405446
 Incoming Energy [267033.91070834635, 286512.026966377)
   Universe 32
     Total Material
       Flux                                 2.30198 +/- 0.00376066
 Incoming Energy [286512.026966377, 307410.9253713466)
   Universe 32
     Total Material
       Flux                                 2.38247 +/- 0.00389482
 Incoming Energy [307410.9253713466, 329834.24129960604)
   Universe 32
     Total Material
       Flux                                 2.3502 +/- 0.00441875
 Incoming Energy [329834.24129960604, 353893.1695490984)
   Universe 32
     Total Material
       Flux                                 2.39238 +/- 0.00384656
 Incoming Energy [353893.1695490984, 379707.0157423222)
   Universe 32
     Total Material
       Flux                                 2.45822 +/- 0.00431774
 Incoming Energy [379707.0157423222, 407403.78795001813)
   Universe 32
     Total Material
       Flux                                 2.33856 +/- 0.00426455
 Incoming Energy [407403.78795001813, 437120.8314693321)
   Universe 32
     Total Material
       Flux                                 2.34419 +/- 0.00417187
 Incoming Energy [437120.8314693321, 469005.5099042987)
   Universe 32
     Total Material
       Flux                                 2.42356 +/- 0.00435413
 Incoming Energy [469005.5099042987, 503215.9359259978)
   Universe 32
     Total Material
       Flux                                 2.40033 +/- 0.00416531
 Incoming Energy [503215.9359259978, 539921.755336201)
   Universe 32
     Total Material
       Flux                                 2.4419 +/- 0.00483134
 Incoming Energy [539921.755336201, 579304.9883225342)
   Universe 32
     Total Material
       Flux                                 2.41855 +/- 0.00517604
 Incoming Energy [579304.9883225342, 621560.9320769146)
   Universe 32
     Total Material
       Flux                                 2.4959 +/- 0.00451747
 Incoming Energy [621560.9320769146, 666899.1292531793)
   Universe 32
     Total Material
       Flux                                 2.51678 +/- 0.00501075
 Incoming Energy [666899.1292531793, 715544.4070664574)
   Universe 32
     Total Material
       Flux                                 2.51549 +/- 0.00443615
 Incoming Energy [715544.4070664574, 767737.9921869875)
   Universe 32
     Total Material
       Flux                                 2.42029 +/- 0.00502342
 Incoming Energy [767737.9921869875, 823738.7069571011)
   Universe 32
     Total Material
       Flux                                 2.41795 +/- 0.0039885
 Incoming Energy [823738.7069571011, 883824.2528631956)
   Universe 32
     Total Material
       Flux                                 2.41581 +/- 0.00485142
 Incoming Energy [883824.2528631956, 948292.5876273854)
   Universe 32
     Total Material
       Flux                                 2.42311 +/- 0.00578859
 Incoming Energy [948292.5876273854, 1017463.4027476043)
   Universe 32
     Total Material
       Flux                                 2.3897 +/- 0.00459154
 Incoming Energy [1017463.4027476043, 1091679.7088131465)
   Universe 32
     Total Material
       Flux                                 2.39523 +/- 0.00453745
 Incoming Energy [1091679.7088131465, 1171309.5364571013)
   Universe 32
     Total Material
       Flux                                 2.40196 +/- 0.00484188
 Incoming Energy [1171309.5364571013, 1256747.7613804138)
   Universe 32
     Total Material
       Flux                                 2.37043 +/- 0.00504871
 Incoming Energy [1256747.7613804138, 1348418.0624978063)
   Universe 32
     Total Material
       Flux                                 2.28251 +/- 0.00483035
 Incoming Energy [1348418.0624978063, 1446775.022915642)
   Universe 32
     Total Material
       Flux                                 2.27166 +/- 0.00501473
 Incoming Energy [1446775.022915642, 1552306.3841604174)
   Universe 32
     Total Material
       Flux                                 2.21094 +/- 0.00580682
 Incoming Energy [1552306.3841604174, 1665535.4648361804)
   Universe 32
     Total Material
       Flux                                 2.1148 +/- 0.00544129
 Incoming Energy [1665535.4648361804, 1787023.755704926)
   Universe 32
     Total Material
       Flux                                 2.04266 +/- 0.00525805
 Incoming Energy [1787023.755704926, 1917373.70405849)
   Universe 32
     Total Material
       Flux                                 1.96916 +/- 0.005265
 Incoming Energy [1917373.70405849, 2057231.7011895531)
   Universe 32
     Total Material
       Flux                                 1.90589 +/- 0.00530273
 Incoming Energy [2057231.7011895531, 2207291.287776074)
   Universe 32
     Total Material
       Flux                                 1.60584 +/- 0.00526158
 Incoming Energy [2207291.287776074, 2368296.5930745495)
   Universe 32
     Total Material
       Flux                                 1.56392 +/- 0.00546681
 Incoming Energy [2368296.5930745495, 2541046.024976429)
   Universe 32
     Total Material
       Flux                                 1.44882 +/- 0.00549463
 Incoming Energy [2541046.024976429, 2726396.22922655)
   Universe 32
     Total Material
       Flux                                 1.28143 +/- 0.00477103
 Incoming Energy [2726396.22922655, 2925266.337436636)
   Universe 32
     Total Material
       Flux                                 0.930349 +/- 0.00356312
 Incoming Energy [2925266.337436636, 3138642.524959612)
   Universe 32
     Total Material
       Flux                                 0.943548 +/- 0.0038018
 Incoming Energy [3138642.524959612, 3367582.901226406)
   Universe 32
     Total Material
       Flux                                 0.688566 +/- 0.00296608
 Incoming Energy [3367582.901226406, 3613222.7567962473)
   Universe 32
     Total Material
       Flux                                 0.556877 +/- 0.00244584
 Incoming Energy [3613222.7567962473, 3876780.19313963)
   Universe 32
     Total Material
       Flux                                 0.562289 +/- 0.00251526
 Incoming Energy [3876780.19313963, 4159562.163071843)
   Universe 32
     Total Material
       Flux                                 0.61949 +/- 0.00288795
 Incoming Energy [4159562.163071843, 4462970.951790475)
   Universe 32
     Total Material
       Flux                                 0.51647 +/- 0.00280285
 Incoming Energy [4462970.951790475, 4788511.130656144)
   Universe 32
     Total Material
       Flux                                 0.49602 +/- 0.00310259
 Incoming Energy [4788511.130656144, 5137797.018198961)
   Universe 32
     Total Material
       Flux                                 0.432152 +/- 0.0031167
 Incoming Energy [5137797.018198961, 5512560.685349626)
   Universe 32
     Total Material
       Flux                                 0.344684 +/- 0.0028724
 Incoming Energy [5512560.685349626, 5914660.544591733)
   Universe 32
     Total Material
       Flux                                 0.284955 +/- 0.00271443
 Incoming Energy [5914660.544591733, 6346090.565628174)
   Universe 32
     Total Material
       Flux                                 0.182976 +/- 0.00208736
 Incoming Energy [6346090.565628174, 6808990.163261342)
   Universe 32
     Total Material
       Flux                                 0.177889 +/- 0.00222252
 Incoming Energy [6808990.163261342, 7305654.8065195)
   Universe 32
     Total Material
       Flux                                 0.156612 +/- 0.00199129
 Incoming Energy [7305654.8065195, 7838547.401639585)
   Universe 32
     Total Material
       Flux                                 0.0687351 +/- 0.00108652
 Incoming Energy [7838547.401639585, 8410310.50535257)
   Universe 32
     Total Material
       Flux                                 0.0496623 +/- 0.00100103
 Incoming Energy [8410310.50535257, 9023779.429036666)
   Universe 32
     Total Material
       Flux                                 0.0415274 +/- 0.00104147
 Incoming Energy [9023779.429036666, 9681996.298719456)
   Universe 32
     Total Material
       Flux                                 0.0254105 +/- 0.000694639
 Incoming Energy [9681996.298719456, 10388225.140652068)
   Universe 32
     Total Material
       Flux                                 0.0194834 +/- 0.000713451
 Incoming Energy [10388225.140652068, 11145968.067261927)
   Universe 32
     Total Material
       Flux                                 0.0119643 +/- 0.00053329
 Incoming Energy [11145968.067261927, 11958982.64374977)
   Universe 32
     Total Material
       Flux                                 0.00649332 +/- 0.000387943
 Incoming Energy [11958982.64374977, 12831300.52144862)
   Universe 32
     Total Material
       Flux                                 0.00417629 +/- 0.000314386
 Incoming Energy [12831300.52144862, 13767247.430346992)
   Universe 32
     Total Material
       Flux                                 0.0018154 +/- 0.000201663
 Incoming Energy [13767247.430346992, 14771464.62991554)
   Universe 32
     Total Material
       Flux                                 0.00114992 +/- 0.000193179
 Incoming Energy [14771464.62991554, 15848931.924611142)
   Universe 32
     Total Material
       Flux                                 0.000644997 +/- 0.000117732
